Simulator report for Modem
Sat Oct 01 15:53:00 2016
Quartus II Version 9.1 Build 350 03/24/2010 Service Pack 2 SJ Web Edition


---------------------
; Table of Contents ;
---------------------
  1. Legal Notice
  2. Simulator Summary
  3. Simulator Settings
  4. Simulation Waveforms
  5. Coverage Summary
  6. Complete 1/0-Value Coverage
  7. Missing 1-Value Coverage
  8. Missing 0-Value Coverage
  9. Simulator INI Usage
 10. Simulator Messages



----------------
; Legal Notice ;
----------------
Copyright (C) 1991-2010 Altera Corporation
Your use of Altera Corporation's design tools, logic functions 
and other software and tools, and its AMPP partner logic 
functions, and any output files from any of the foregoing 
(including device programming or simulation files), and any 
associated documentation or information are expressly subject 
to the terms and conditions of the Altera Program License 
Subscription Agreement, Altera MegaCore Function License 
Agreement, or other applicable license agreement, including, 
without limitation, that your use is for the sole purpose of 
programming logic devices manufactured by Altera and sold by 
Altera or its authorized distributors.  Please refer to the 
applicable agreement for further details.



+--------------------------------------------+
; Simulator Summary                          ;
+-----------------------------+--------------+
; Type                        ; Value        ;
+-----------------------------+--------------+
; Simulation Start Time       ; 0 ps         ;
; Simulation End Time         ; 1.0 us       ;
; Simulation Netlist Size     ; 225 nodes    ;
; Simulation Coverage         ;      43.11 % ;
; Total Number of Transitions ; 2122         ;
; Simulation Breakpoints      ; 0            ;
; Family                      ; Cyclone II   ;
+-----------------------------+--------------+


+------------------------------------------------------------------------------------------------------------------------------+
; Simulator Settings                                                                                                           ;
+--------------------------------------------------------------------------------------------+-----------------+---------------+
; Option                                                                                     ; Setting         ; Default Value ;
+--------------------------------------------------------------------------------------------+-----------------+---------------+
; Simulation mode                                                                            ; Functional      ; Timing        ;
; Start time                                                                                 ; 0 ns            ; 0 ns          ;
; Simulation results format                                                                  ; CVWF            ;               ;
; Vector input source                                                                        ; Transmissao.vwf ;               ;
; Add pins automatically to simulation output waveforms                                      ; On              ; On            ;
; Check outputs                                                                              ; Off             ; Off           ;
; Report simulation coverage                                                                 ; On              ; On            ;
; Display complete 1/0 value coverage report                                                 ; On              ; On            ;
; Display missing 1-value coverage report                                                    ; On              ; On            ;
; Display missing 0-value coverage report                                                    ; On              ; On            ;
; Detect setup and hold time violations                                                      ; Off             ; Off           ;
; Detect glitches                                                                            ; Off             ; Off           ;
; Disable timing delays in Timing Simulation                                                 ; Off             ; Off           ;
; Generate Signal Activity File                                                              ; Off             ; Off           ;
; Generate VCD File for PowerPlay Power Analyzer                                             ; Off             ; Off           ;
; Group bus channels in simulation results                                                   ; Off             ; Off           ;
; Preserve fewer signal transitions to reduce memory requirements                            ; On              ; On            ;
; Trigger vector comparison with the specified mode                                          ; INPUT_EDGE      ; INPUT_EDGE    ;
; Disable setup and hold time violations detection in input registers of bi-directional pins ; Off             ; Off           ;
; Overwrite Waveform Inputs With Simulation Outputs                                          ; On              ;               ;
; Perform Glitch Filtering in Timing Simulation                                              ; Auto            ; Auto          ;
+--------------------------------------------------------------------------------------------+-----------------+---------------+


+----------------------+
; Simulation Waveforms ;
+----------------------+
Waveform report data cannot be output to ASCII.
Please use Quartus II to view the waveform report data.


+--------------------------------------------------------------------+
; Coverage Summary                                                   ;
+-----------------------------------------------------+--------------+
; Type                                                ; Value        ;
+-----------------------------------------------------+--------------+
; Total coverage as a percentage                      ;      43.11 % ;
; Total nodes checked                                 ; 225          ;
; Total output ports checked                          ; 225          ;
; Total output ports with complete 1/0-value coverage ; 97           ;
; Total output ports with no 1/0-value coverage       ; 121          ;
; Total output ports with no 1-value coverage         ; 121          ;
; Total output ports with no 0-value coverage         ; 128          ;
+-----------------------------------------------------+--------------+


The following table displays output ports that toggle between 1 and 0 during simulation.
+----------------------------------------------------------------------------------------------------------------------------------------------------------------------------------------------------------------------------+
; Complete 1/0-Value Coverage                                                                                                                                                                                                ;
+----------------------------------------------------------------------------------------------------+----------------------------------------------------------------------------------------------------+------------------+
; Node Name                                                                                          ; Output Port Name                                                                                   ; Output Port Type ;
+----------------------------------------------------------------------------------------------------+----------------------------------------------------------------------------------------------------+------------------+
; |Modem|clk                                                                                         ; |Modem|clk                                                                                         ; out              ;
; |Modem|enviar                                                                                      ; |Modem|enviar                                                                                      ; out              ;
; |Modem|nRTS                                                                                        ; |Modem|nRTS                                                                                        ; pin_out          ;
; |Modem|TD                                                                                          ; |Modem|TD                                                                                          ; pin_out          ;
; |Modem|nCTS                                                                                        ; |Modem|nCTS                                                                                        ; out              ;
; |Modem|Modem_FD:IModem_FD|Transmissor:ITransmissor|Transmissor_FD:IFD|counter:Icounter|Svalue~1    ; |Modem|Modem_FD:IModem_FD|Transmissor:ITransmissor|Transmissor_FD:IFD|counter:Icounter|Svalue~1    ; out              ;
; |Modem|Modem_FD:IModem_FD|Transmissor:ITransmissor|Transmissor_FD:IFD|counter:Icounter|Svalue~2    ; |Modem|Modem_FD:IModem_FD|Transmissor:ITransmissor|Transmissor_FD:IFD|counter:Icounter|Svalue~2    ; out              ;
; |Modem|Modem_FD:IModem_FD|Transmissor:ITransmissor|Transmissor_FD:IFD|counter:Icounter|Svalue~3    ; |Modem|Modem_FD:IModem_FD|Transmissor:ITransmissor|Transmissor_FD:IFD|counter:Icounter|Svalue~3    ; out              ;
; |Modem|Modem_FD:IModem_FD|Transmissor:ITransmissor|Transmissor_FD:IFD|counter:Icounter|Svalue~5    ; |Modem|Modem_FD:IModem_FD|Transmissor:ITransmissor|Transmissor_FD:IFD|counter:Icounter|Svalue~5    ; out              ;
; |Modem|Modem_FD:IModem_FD|Transmissor:ITransmissor|Transmissor_FD:IFD|counter:Icounter|Svalue~6    ; |Modem|Modem_FD:IModem_FD|Transmissor:ITransmissor|Transmissor_FD:IFD|counter:Icounter|Svalue~6    ; out              ;
; |Modem|Modem_FD:IModem_FD|Transmissor:ITransmissor|Transmissor_FD:IFD|counter:Icounter|Svalue~7    ; |Modem|Modem_FD:IModem_FD|Transmissor:ITransmissor|Transmissor_FD:IFD|counter:Icounter|Svalue~7    ; out              ;
; |Modem|Modem_FD:IModem_FD|Transmissor:ITransmissor|Transmissor_FD:IFD|counter:Icounter|value[0]    ; |Modem|Modem_FD:IModem_FD|Transmissor:ITransmissor|Transmissor_FD:IFD|counter:Icounter|value[0]    ; regout           ;
; |Modem|Modem_FD:IModem_FD|Transmissor:ITransmissor|Transmissor_FD:IFD|counter:Icounter|value[1]    ; |Modem|Modem_FD:IModem_FD|Transmissor:ITransmissor|Transmissor_FD:IFD|counter:Icounter|value[1]    ; regout           ;
; |Modem|Modem_FD:IModem_FD|Transmissor:ITransmissor|Transmissor_FD:IFD|counter:Icounter|value[2]    ; |Modem|Modem_FD:IModem_FD|Transmissor:ITransmissor|Transmissor_FD:IFD|counter:Icounter|value[2]    ; regout           ;
; |Modem|Modem_FD:IModem_FD|Transmissor:ITransmissor|Transmissor_FD:IFD|counter:Icounter|Svalue[0]   ; |Modem|Modem_FD:IModem_FD|Transmissor:ITransmissor|Transmissor_FD:IFD|counter:Icounter|Svalue[0]   ; regout           ;
; |Modem|Modem_FD:IModem_FD|Transmissor:ITransmissor|Transmissor_FD:IFD|counter:Icounter|Svalue[1]   ; |Modem|Modem_FD:IModem_FD|Transmissor:ITransmissor|Transmissor_FD:IFD|counter:Icounter|Svalue[1]   ; regout           ;
; |Modem|Modem_FD:IModem_FD|Transmissor:ITransmissor|Transmissor_FD:IFD|counter:Icounter|Svalue[2]   ; |Modem|Modem_FD:IModem_FD|Transmissor:ITransmissor|Transmissor_FD:IFD|counter:Icounter|Svalue[2]   ; regout           ;
; |Modem|Modem_FD:IModem_FD|Transmissor:ITransmissor|Transmissor_FD:IFD|shifter:Ishifter|IQ[0]       ; |Modem|Modem_FD:IModem_FD|Transmissor:ITransmissor|Transmissor_FD:IFD|shifter:Ishifter|IQ[0]       ; regout           ;
; |Modem|Modem_FD:IModem_FD|Transmissor:ITransmissor|Transmissor_FD:IFD|shifter:Ishifter|IQ~2        ; |Modem|Modem_FD:IModem_FD|Transmissor:ITransmissor|Transmissor_FD:IFD|shifter:Ishifter|IQ~2        ; out              ;
; |Modem|Modem_FD:IModem_FD|Transmissor:ITransmissor|Transmissor_FD:IFD|shifter:Ishifter|IQ~3        ; |Modem|Modem_FD:IModem_FD|Transmissor:ITransmissor|Transmissor_FD:IFD|shifter:Ishifter|IQ~3        ; out              ;
; |Modem|Modem_FD:IModem_FD|Transmissor:ITransmissor|Transmissor_FD:IFD|shifter:Ishifter|IQ~4        ; |Modem|Modem_FD:IModem_FD|Transmissor:ITransmissor|Transmissor_FD:IFD|shifter:Ishifter|IQ~4        ; out              ;
; |Modem|Modem_FD:IModem_FD|Transmissor:ITransmissor|Transmissor_FD:IFD|shifter:Ishifter|IQ~5        ; |Modem|Modem_FD:IModem_FD|Transmissor:ITransmissor|Transmissor_FD:IFD|shifter:Ishifter|IQ~5        ; out              ;
; |Modem|Modem_FD:IModem_FD|Transmissor:ITransmissor|Transmissor_FD:IFD|shifter:Ishifter|IQ~6        ; |Modem|Modem_FD:IModem_FD|Transmissor:ITransmissor|Transmissor_FD:IFD|shifter:Ishifter|IQ~6        ; out              ;
; |Modem|Modem_FD:IModem_FD|Transmissor:ITransmissor|Transmissor_FD:IFD|shifter:Ishifter|IQ~7        ; |Modem|Modem_FD:IModem_FD|Transmissor:ITransmissor|Transmissor_FD:IFD|shifter:Ishifter|IQ~7        ; out              ;
; |Modem|Modem_FD:IModem_FD|Transmissor:ITransmissor|Transmissor_FD:IFD|shifter:Ishifter|IQ~8        ; |Modem|Modem_FD:IModem_FD|Transmissor:ITransmissor|Transmissor_FD:IFD|shifter:Ishifter|IQ~8        ; out              ;
; |Modem|Modem_FD:IModem_FD|Transmissor:ITransmissor|Transmissor_FD:IFD|shifter:Ishifter|IQ~9        ; |Modem|Modem_FD:IModem_FD|Transmissor:ITransmissor|Transmissor_FD:IFD|shifter:Ishifter|IQ~9        ; out              ;
; |Modem|Modem_FD:IModem_FD|Transmissor:ITransmissor|Transmissor_FD:IFD|shifter:Ishifter|IQ~12       ; |Modem|Modem_FD:IModem_FD|Transmissor:ITransmissor|Transmissor_FD:IFD|shifter:Ishifter|IQ~12       ; out              ;
; |Modem|Modem_FD:IModem_FD|Transmissor:ITransmissor|Transmissor_FD:IFD|shifter:Ishifter|IQ~13       ; |Modem|Modem_FD:IModem_FD|Transmissor:ITransmissor|Transmissor_FD:IFD|shifter:Ishifter|IQ~13       ; out              ;
; |Modem|Modem_FD:IModem_FD|Transmissor:ITransmissor|Transmissor_FD:IFD|shifter:Ishifter|IQ~14       ; |Modem|Modem_FD:IModem_FD|Transmissor:ITransmissor|Transmissor_FD:IFD|shifter:Ishifter|IQ~14       ; out              ;
; |Modem|Modem_FD:IModem_FD|Transmissor:ITransmissor|Transmissor_FD:IFD|shifter:Ishifter|IQ~15       ; |Modem|Modem_FD:IModem_FD|Transmissor:ITransmissor|Transmissor_FD:IFD|shifter:Ishifter|IQ~15       ; out              ;
; |Modem|Modem_FD:IModem_FD|Transmissor:ITransmissor|Transmissor_FD:IFD|shifter:Ishifter|IQ~16       ; |Modem|Modem_FD:IModem_FD|Transmissor:ITransmissor|Transmissor_FD:IFD|shifter:Ishifter|IQ~16       ; out              ;
; |Modem|Modem_FD:IModem_FD|Transmissor:ITransmissor|Transmissor_FD:IFD|shifter:Ishifter|IQ~17       ; |Modem|Modem_FD:IModem_FD|Transmissor:ITransmissor|Transmissor_FD:IFD|shifter:Ishifter|IQ~17       ; out              ;
; |Modem|Modem_FD:IModem_FD|Transmissor:ITransmissor|Transmissor_FD:IFD|shifter:Ishifter|IQ~18       ; |Modem|Modem_FD:IModem_FD|Transmissor:ITransmissor|Transmissor_FD:IFD|shifter:Ishifter|IQ~18       ; out              ;
; |Modem|Modem_FD:IModem_FD|Transmissor:ITransmissor|Transmissor_FD:IFD|shifter:Ishifter|IQ~19       ; |Modem|Modem_FD:IModem_FD|Transmissor:ITransmissor|Transmissor_FD:IFD|shifter:Ishifter|IQ~19       ; out              ;
; |Modem|Modem_FD:IModem_FD|Transmissor:ITransmissor|Transmissor_FD:IFD|shifter:Ishifter|IQ[1]       ; |Modem|Modem_FD:IModem_FD|Transmissor:ITransmissor|Transmissor_FD:IFD|shifter:Ishifter|IQ[1]       ; regout           ;
; |Modem|Modem_FD:IModem_FD|Transmissor:ITransmissor|Transmissor_FD:IFD|shifter:Ishifter|IQ[2]       ; |Modem|Modem_FD:IModem_FD|Transmissor:ITransmissor|Transmissor_FD:IFD|shifter:Ishifter|IQ[2]       ; regout           ;
; |Modem|Modem_FD:IModem_FD|Transmissor:ITransmissor|Transmissor_FD:IFD|shifter:Ishifter|IQ[3]       ; |Modem|Modem_FD:IModem_FD|Transmissor:ITransmissor|Transmissor_FD:IFD|shifter:Ishifter|IQ[3]       ; regout           ;
; |Modem|Modem_FD:IModem_FD|Transmissor:ITransmissor|Transmissor_FD:IFD|shifter:Ishifter|IQ[4]       ; |Modem|Modem_FD:IModem_FD|Transmissor:ITransmissor|Transmissor_FD:IFD|shifter:Ishifter|IQ[4]       ; regout           ;
; |Modem|Modem_FD:IModem_FD|Transmissor:ITransmissor|Transmissor_FD:IFD|shifter:Ishifter|IQ[5]       ; |Modem|Modem_FD:IModem_FD|Transmissor:ITransmissor|Transmissor_FD:IFD|shifter:Ishifter|IQ[5]       ; regout           ;
; |Modem|Modem_FD:IModem_FD|Transmissor:ITransmissor|Transmissor_FD:IFD|shifter:Ishifter|IQ[6]       ; |Modem|Modem_FD:IModem_FD|Transmissor:ITransmissor|Transmissor_FD:IFD|shifter:Ishifter|IQ[6]       ; regout           ;
; |Modem|Modem_FD:IModem_FD|Transmissor:ITransmissor|Transmissor_FD:IFD|shifter:Ishifter|IQ[7]       ; |Modem|Modem_FD:IModem_FD|Transmissor:ITransmissor|Transmissor_FD:IFD|shifter:Ishifter|IQ[7]       ; regout           ;
; |Modem|Modem_FD:IModem_FD|Transmissor:ITransmissor|Transmissor_FD:IFD|timer:clock_divider|pulse    ; |Modem|Modem_FD:IModem_FD|Transmissor:ITransmissor|Transmissor_FD:IFD|timer:clock_divider|pulse    ; regout           ;
; |Modem|Modem_FD:IModem_FD|Transmissor:ITransmissor|Transmissor_FD:IFD|timer:clock_divider|count~0  ; |Modem|Modem_FD:IModem_FD|Transmissor:ITransmissor|Transmissor_FD:IFD|timer:clock_divider|count~0  ; out              ;
; |Modem|Modem_FD:IModem_FD|Transmissor:ITransmissor|Transmissor_FD:IFD|timer:clock_divider|count~1  ; |Modem|Modem_FD:IModem_FD|Transmissor:ITransmissor|Transmissor_FD:IFD|timer:clock_divider|count~1  ; out              ;
; |Modem|Modem_FD:IModem_FD|Transmissor:ITransmissor|Transmissor_FD:IFD|timer:clock_divider|count~2  ; |Modem|Modem_FD:IModem_FD|Transmissor:ITransmissor|Transmissor_FD:IFD|timer:clock_divider|count~2  ; out              ;
; |Modem|Modem_FD:IModem_FD|Transmissor:ITransmissor|Transmissor_FD:IFD|timer:clock_divider|count~3  ; |Modem|Modem_FD:IModem_FD|Transmissor:ITransmissor|Transmissor_FD:IFD|timer:clock_divider|count~3  ; out              ;
; |Modem|Modem_FD:IModem_FD|Transmissor:ITransmissor|Transmissor_FD:IFD|timer:clock_divider|count~8  ; |Modem|Modem_FD:IModem_FD|Transmissor:ITransmissor|Transmissor_FD:IFD|timer:clock_divider|count~8  ; out              ;
; |Modem|Modem_FD:IModem_FD|Transmissor:ITransmissor|Transmissor_FD:IFD|timer:clock_divider|count~9  ; |Modem|Modem_FD:IModem_FD|Transmissor:ITransmissor|Transmissor_FD:IFD|timer:clock_divider|count~9  ; out              ;
; |Modem|Modem_FD:IModem_FD|Transmissor:ITransmissor|Transmissor_FD:IFD|timer:clock_divider|count~10 ; |Modem|Modem_FD:IModem_FD|Transmissor:ITransmissor|Transmissor_FD:IFD|timer:clock_divider|count~10 ; out              ;
; |Modem|Modem_FD:IModem_FD|Transmissor:ITransmissor|Transmissor_FD:IFD|timer:clock_divider|count~11 ; |Modem|Modem_FD:IModem_FD|Transmissor:ITransmissor|Transmissor_FD:IFD|timer:clock_divider|count~11 ; out              ;
; |Modem|Modem_FD:IModem_FD|Transmissor:ITransmissor|Transmissor_FD:IFD|timer:clock_divider|count[0] ; |Modem|Modem_FD:IModem_FD|Transmissor:ITransmissor|Transmissor_FD:IFD|timer:clock_divider|count[0] ; regout           ;
; |Modem|Modem_FD:IModem_FD|Transmissor:ITransmissor|Transmissor_FD:IFD|timer:clock_divider|count[1] ; |Modem|Modem_FD:IModem_FD|Transmissor:ITransmissor|Transmissor_FD:IFD|timer:clock_divider|count[1] ; regout           ;
; |Modem|Modem_FD:IModem_FD|Transmissor:ITransmissor|Transmissor_FD:IFD|timer:clock_divider|count[2] ; |Modem|Modem_FD:IModem_FD|Transmissor:ITransmissor|Transmissor_FD:IFD|timer:clock_divider|count[2] ; regout           ;
; |Modem|Modem_UC:IModem_UC|state~0                                                                  ; |Modem|Modem_UC:IModem_UC|state~0                                                                  ; out              ;
; |Modem|Modem_UC:IModem_UC|state~1                                                                  ; |Modem|Modem_UC:IModem_UC|state~1                                                                  ; out              ;
; |Modem|Modem_UC:IModem_UC|state~2                                                                  ; |Modem|Modem_UC:IModem_UC|state~2                                                                  ; out              ;
; |Modem|Modem_UC:IModem_UC|Sdo_send_next~0                                                          ; |Modem|Modem_UC:IModem_UC|Sdo_send_next~0                                                          ; out              ;
; |Modem|Modem_UC:IModem_UC|state~3                                                                  ; |Modem|Modem_UC:IModem_UC|state~3                                                                  ; out              ;
; |Modem|Modem_UC:IModem_UC|state~4                                                                  ; |Modem|Modem_UC:IModem_UC|state~4                                                                  ; out              ;
; |Modem|Modem_UC:IModem_UC|state~5                                                                  ; |Modem|Modem_UC:IModem_UC|state~5                                                                  ; out              ;
; |Modem|Modem_UC:IModem_UC|state~6                                                                  ; |Modem|Modem_UC:IModem_UC|state~6                                                                  ; out              ;
; |Modem|Modem_UC:IModem_UC|state~7                                                                  ; |Modem|Modem_UC:IModem_UC|state~7                                                                  ; out              ;
; |Modem|Modem_UC:IModem_UC|state~8                                                                  ; |Modem|Modem_UC:IModem_UC|state~8                                                                  ; out              ;
; |Modem|Modem_UC:IModem_UC|Sdo_send_next                                                            ; |Modem|Modem_UC:IModem_UC|Sdo_send_next                                                            ; regout           ;
; |Modem|Modem_UC:IModem_UC|state.SENDING                                                            ; |Modem|Modem_UC:IModem_UC|state.SENDING                                                            ; regout           ;
; |Modem|Modem_UC:IModem_UC|state.WAITING_CTS                                                        ; |Modem|Modem_UC:IModem_UC|state.WAITING_CTS                                                        ; regout           ;
; |Modem|Modem_UC:IModem_UC|state.IDLE                                                               ; |Modem|Modem_UC:IModem_UC|state.IDLE                                                               ; regout           ;
; |Modem|Modem_UC:IModem_UC|SnRTS                                                                    ; |Modem|Modem_UC:IModem_UC|SnRTS                                                                    ; regout           ;
; |Modem|Modem_UC:IModem_UC|state~9                                                                  ; |Modem|Modem_UC:IModem_UC|state~9                                                                  ; out0             ;
; |Modem|Modem_UC:IModem_UC|state.IDLE~0                                                             ; |Modem|Modem_UC:IModem_UC|state.IDLE~0                                                             ; out0             ;
; |Modem|Modem_UC:IModem_UC|state~11                                                                 ; |Modem|Modem_UC:IModem_UC|state~11                                                                 ; out0             ;
; |Modem|Modem_UC:IModem_UC|state.WAITING_CTS~0                                                      ; |Modem|Modem_UC:IModem_UC|state.WAITING_CTS~0                                                      ; out0             ;
; |Modem|Modem_UC:IModem_UC|state~13                                                                 ; |Modem|Modem_UC:IModem_UC|state~13                                                                 ; out0             ;
; |Modem|Modem_UC:IModem_UC|state.SENDING~0                                                          ; |Modem|Modem_UC:IModem_UC|state.SENDING~0                                                          ; out0             ;
; |Modem|Modem_UC:IModem_UC|state~15                                                                 ; |Modem|Modem_UC:IModem_UC|state~15                                                                 ; out0             ;
; |Modem|Modem_UC:IModem_UC|state~19                                                                 ; |Modem|Modem_UC:IModem_UC|state~19                                                                 ; out0             ;
; |Modem|Modem_UC:IModem_UC|Selector0~0                                                              ; |Modem|Modem_UC:IModem_UC|Selector0~0                                                              ; out0             ;
; |Modem|Modem_UC:IModem_UC|Selector1~0                                                              ; |Modem|Modem_UC:IModem_UC|Selector1~0                                                              ; out              ;
; |Modem|Modem_UC:IModem_UC|Selector1~1                                                              ; |Modem|Modem_UC:IModem_UC|Selector1~1                                                              ; out              ;
; |Modem|Modem_UC:IModem_UC|Selector2~0                                                              ; |Modem|Modem_UC:IModem_UC|Selector2~0                                                              ; out              ;
; |Modem|Modem_UC:IModem_UC|Selector2~1                                                              ; |Modem|Modem_UC:IModem_UC|Selector2~1                                                              ; out              ;
; |Modem|Modem_UC:IModem_UC|Selector3~0                                                              ; |Modem|Modem_UC:IModem_UC|Selector3~0                                                              ; out              ;
; |Modem|Modem_UC:IModem_UC|Selector3~1                                                              ; |Modem|Modem_UC:IModem_UC|Selector3~1                                                              ; out              ;
; |Modem|Modem_UC:IModem_UC|Selector4~0                                                              ; |Modem|Modem_UC:IModem_UC|Selector4~0                                                              ; out0             ;
; |Modem|Modem_UC:IModem_UC|Selector4~1                                                              ; |Modem|Modem_UC:IModem_UC|Selector4~1                                                              ; out0             ;
; |Modem|Modem_FD:IModem_FD|Transmissor:ITransmissor|Transmissor_FD:IFD|counter:Icounter|Add0~0      ; |Modem|Modem_FD:IModem_FD|Transmissor:ITransmissor|Transmissor_FD:IFD|counter:Icounter|Add0~0      ; out0             ;
; |Modem|Modem_FD:IModem_FD|Transmissor:ITransmissor|Transmissor_FD:IFD|counter:Icounter|Add0~1      ; |Modem|Modem_FD:IModem_FD|Transmissor:ITransmissor|Transmissor_FD:IFD|counter:Icounter|Add0~1      ; out0             ;
; |Modem|Modem_FD:IModem_FD|Transmissor:ITransmissor|Transmissor_FD:IFD|counter:Icounter|Add0~2      ; |Modem|Modem_FD:IModem_FD|Transmissor:ITransmissor|Transmissor_FD:IFD|counter:Icounter|Add0~2      ; out0             ;
; |Modem|Modem_FD:IModem_FD|Transmissor:ITransmissor|Transmissor_FD:IFD|counter:Icounter|Add0~3      ; |Modem|Modem_FD:IModem_FD|Transmissor:ITransmissor|Transmissor_FD:IFD|counter:Icounter|Add0~3      ; out0             ;
; |Modem|Modem_FD:IModem_FD|Transmissor:ITransmissor|Transmissor_FD:IFD|timer:clock_divider|Add0~0   ; |Modem|Modem_FD:IModem_FD|Transmissor:ITransmissor|Transmissor_FD:IFD|timer:clock_divider|Add0~0   ; out0             ;
; |Modem|Modem_FD:IModem_FD|Transmissor:ITransmissor|Transmissor_FD:IFD|timer:clock_divider|Add0~1   ; |Modem|Modem_FD:IModem_FD|Transmissor:ITransmissor|Transmissor_FD:IFD|timer:clock_divider|Add0~1   ; out0             ;
; |Modem|Modem_FD:IModem_FD|Transmissor:ITransmissor|Transmissor_FD:IFD|timer:clock_divider|Add0~2   ; |Modem|Modem_FD:IModem_FD|Transmissor:ITransmissor|Transmissor_FD:IFD|timer:clock_divider|Add0~2   ; out0             ;
; |Modem|Modem_FD:IModem_FD|Transmissor:ITransmissor|Transmissor_FD:IFD|timer:clock_divider|Add0~3   ; |Modem|Modem_FD:IModem_FD|Transmissor:ITransmissor|Transmissor_FD:IFD|timer:clock_divider|Add0~3   ; out0             ;
; |Modem|Modem_FD:IModem_FD|Transmissor:ITransmissor|Transmissor_FD:IFD|timer:clock_divider|Add0~4   ; |Modem|Modem_FD:IModem_FD|Transmissor:ITransmissor|Transmissor_FD:IFD|timer:clock_divider|Add0~4   ; out0             ;
; |Modem|Modem_FD:IModem_FD|Transmissor:ITransmissor|Transmissor_FD:IFD|timer:clock_divider|Add0~5   ; |Modem|Modem_FD:IModem_FD|Transmissor:ITransmissor|Transmissor_FD:IFD|timer:clock_divider|Add0~5   ; out0             ;
; |Modem|Modem_FD:IModem_FD|Transmissor:ITransmissor|Transmissor_FD:IFD|timer:clock_divider|Add0~6   ; |Modem|Modem_FD:IModem_FD|Transmissor:ITransmissor|Transmissor_FD:IFD|timer:clock_divider|Add0~6   ; out0             ;
; |Modem|Modem_FD:IModem_FD|Transmissor:ITransmissor|Transmissor_FD:IFD|timer:clock_divider|Equal0~0 ; |Modem|Modem_FD:IModem_FD|Transmissor:ITransmissor|Transmissor_FD:IFD|timer:clock_divider|Equal0~0 ; out0             ;
+----------------------------------------------------------------------------------------------------+----------------------------------------------------------------------------------------------------+------------------+


The following table displays output ports that do not toggle to 1 during simulation.
+----------------------------------------------------------------------------------------------------------------------------------------------------------------------------------------------------------------------------+
; Missing 1-Value Coverage                                                                                                                                                                                                   ;
+----------------------------------------------------------------------------------------------------+----------------------------------------------------------------------------------------------------+------------------+
; Node Name                                                                                          ; Output Port Name                                                                                   ; Output Port Type ;
+----------------------------------------------------------------------------------------------------+----------------------------------------------------------------------------------------------------+------------------+
; |Modem|liga                                                                                        ; |Modem|liga                                                                                        ; out              ;
; |Modem|dado[0]                                                                                     ; |Modem|dado[0]                                                                                     ; out              ;
; |Modem|dado[1]                                                                                     ; |Modem|dado[1]                                                                                     ; out              ;
; |Modem|dado[2]                                                                                     ; |Modem|dado[2]                                                                                     ; out              ;
; |Modem|dado[3]                                                                                     ; |Modem|dado[3]                                                                                     ; out              ;
; |Modem|dado[4]                                                                                     ; |Modem|dado[4]                                                                                     ; out              ;
; |Modem|dado[5]                                                                                     ; |Modem|dado[5]                                                                                     ; out              ;
; |Modem|dado[6]                                                                                     ; |Modem|dado[6]                                                                                     ; out              ;
; |Modem|dado[7]                                                                                     ; |Modem|dado[7]                                                                                     ; out              ;
; |Modem|recebido                                                                                    ; |Modem|recebido                                                                                    ; pin_out          ;
; |Modem|dado_recebido[0]                                                                            ; |Modem|dado_recebido[0]                                                                            ; pin_out          ;
; |Modem|dado_recebido[1]                                                                            ; |Modem|dado_recebido[1]                                                                            ; pin_out          ;
; |Modem|dado_recebido[2]                                                                            ; |Modem|dado_recebido[2]                                                                            ; pin_out          ;
; |Modem|dado_recebido[3]                                                                            ; |Modem|dado_recebido[3]                                                                            ; pin_out          ;
; |Modem|dado_recebido[4]                                                                            ; |Modem|dado_recebido[4]                                                                            ; pin_out          ;
; |Modem|dado_recebido[5]                                                                            ; |Modem|dado_recebido[5]                                                                            ; pin_out          ;
; |Modem|dado_recebido[6]                                                                            ; |Modem|dado_recebido[6]                                                                            ; pin_out          ;
; |Modem|dado_recebido[7]                                                                            ; |Modem|dado_recebido[7]                                                                            ; pin_out          ;
; |Modem|nDTR                                                                                        ; |Modem|nDTR                                                                                        ; pin_out          ;
; |Modem|nCD                                                                                         ; |Modem|nCD                                                                                         ; out              ;
; |Modem|RD                                                                                          ; |Modem|RD                                                                                          ; out              ;
; |Modem|dbg_rx_bit_count[0]                                                                         ; |Modem|dbg_rx_bit_count[0]                                                                         ; pin_out          ;
; |Modem|dbg_rx_bit_count[1]                                                                         ; |Modem|dbg_rx_bit_count[1]                                                                         ; pin_out          ;
; |Modem|dbg_rx_bit_count[2]                                                                         ; |Modem|dbg_rx_bit_count[2]                                                                         ; pin_out          ;
; |Modem|dbg_rx_bit_count[3]                                                                         ; |Modem|dbg_rx_bit_count[3]                                                                         ; pin_out          ;
; |Modem|Modem_FD:IModem_FD|comb~0                                                                   ; |Modem|Modem_FD:IModem_FD|comb~0                                                                   ; out0             ;
; |Modem|Modem_FD:IModem_FD|Transmissor:ITransmissor|Transmissor_FD:IFD|shifter:Ishifter|IQ~0        ; |Modem|Modem_FD:IModem_FD|Transmissor:ITransmissor|Transmissor_FD:IFD|shifter:Ishifter|IQ~0        ; out              ;
; |Modem|Modem_FD:IModem_FD|Transmissor:ITransmissor|Transmissor_FD:IFD|shifter:Ishifter|IQ~1        ; |Modem|Modem_FD:IModem_FD|Transmissor:ITransmissor|Transmissor_FD:IFD|shifter:Ishifter|IQ~1        ; out              ;
; |Modem|Modem_FD:IModem_FD|Transmissor:ITransmissor|Transmissor_FD:IFD|shifter:Ishifter|IQ~10       ; |Modem|Modem_FD:IModem_FD|Transmissor:ITransmissor|Transmissor_FD:IFD|shifter:Ishifter|IQ~10       ; out              ;
; |Modem|Modem_FD:IModem_FD|Transmissor:ITransmissor|Transmissor_FD:IFD|shifter:Ishifter|IQ~11       ; |Modem|Modem_FD:IModem_FD|Transmissor:ITransmissor|Transmissor_FD:IFD|shifter:Ishifter|IQ~11       ; out              ;
; |Modem|Modem_FD:IModem_FD|Transmissor:ITransmissor|Transmissor_FD:IFD|shifter:Ishifter|IQ[8]       ; |Modem|Modem_FD:IModem_FD|Transmissor:ITransmissor|Transmissor_FD:IFD|shifter:Ishifter|IQ[8]       ; regout           ;
; |Modem|Modem_FD:IModem_FD|Transmissor:ITransmissor|Transmissor_FD:IFD|shifter:Ishifter|IQ[9]       ; |Modem|Modem_FD:IModem_FD|Transmissor:ITransmissor|Transmissor_FD:IFD|shifter:Ishifter|IQ[9]       ; regout           ;
; |Modem|Modem_FD:IModem_FD|Transmissor:ITransmissor|Transmissor_FD:IFD|timer:clock_divider|count[3] ; |Modem|Modem_FD:IModem_FD|Transmissor:ITransmissor|Transmissor_FD:IFD|timer:clock_divider|count[3] ; regout           ;
; |Modem|Modem_FD:IModem_FD|Receptor:IReceptor|Receptor_FD:IFD|shifter:serial_shifter|IQ[0]          ; |Modem|Modem_FD:IModem_FD|Receptor:IReceptor|Receptor_FD:IFD|shifter:serial_shifter|IQ[0]          ; regout           ;
; |Modem|Modem_FD:IModem_FD|Receptor:IReceptor|Receptor_FD:IFD|shifter:serial_shifter|IQ~0           ; |Modem|Modem_FD:IModem_FD|Receptor:IReceptor|Receptor_FD:IFD|shifter:serial_shifter|IQ~0           ; out              ;
; |Modem|Modem_FD:IModem_FD|Receptor:IReceptor|Receptor_FD:IFD|shifter:serial_shifter|IQ~1           ; |Modem|Modem_FD:IModem_FD|Receptor:IReceptor|Receptor_FD:IFD|shifter:serial_shifter|IQ~1           ; out              ;
; |Modem|Modem_FD:IModem_FD|Receptor:IReceptor|Receptor_FD:IFD|shifter:serial_shifter|IQ~2           ; |Modem|Modem_FD:IModem_FD|Receptor:IReceptor|Receptor_FD:IFD|shifter:serial_shifter|IQ~2           ; out              ;
; |Modem|Modem_FD:IModem_FD|Receptor:IReceptor|Receptor_FD:IFD|shifter:serial_shifter|IQ~3           ; |Modem|Modem_FD:IModem_FD|Receptor:IReceptor|Receptor_FD:IFD|shifter:serial_shifter|IQ~3           ; out              ;
; |Modem|Modem_FD:IModem_FD|Receptor:IReceptor|Receptor_FD:IFD|shifter:serial_shifter|IQ~4           ; |Modem|Modem_FD:IModem_FD|Receptor:IReceptor|Receptor_FD:IFD|shifter:serial_shifter|IQ~4           ; out              ;
; |Modem|Modem_FD:IModem_FD|Receptor:IReceptor|Receptor_FD:IFD|shifter:serial_shifter|IQ~5           ; |Modem|Modem_FD:IModem_FD|Receptor:IReceptor|Receptor_FD:IFD|shifter:serial_shifter|IQ~5           ; out              ;
; |Modem|Modem_FD:IModem_FD|Receptor:IReceptor|Receptor_FD:IFD|shifter:serial_shifter|IQ~6           ; |Modem|Modem_FD:IModem_FD|Receptor:IReceptor|Receptor_FD:IFD|shifter:serial_shifter|IQ~6           ; out              ;
; |Modem|Modem_FD:IModem_FD|Receptor:IReceptor|Receptor_FD:IFD|shifter:serial_shifter|IQ~7           ; |Modem|Modem_FD:IModem_FD|Receptor:IReceptor|Receptor_FD:IFD|shifter:serial_shifter|IQ~7           ; out              ;
; |Modem|Modem_FD:IModem_FD|Receptor:IReceptor|Receptor_FD:IFD|shifter:serial_shifter|IQ~8           ; |Modem|Modem_FD:IModem_FD|Receptor:IReceptor|Receptor_FD:IFD|shifter:serial_shifter|IQ~8           ; out              ;
; |Modem|Modem_FD:IModem_FD|Receptor:IReceptor|Receptor_FD:IFD|shifter:serial_shifter|IQ~9           ; |Modem|Modem_FD:IModem_FD|Receptor:IReceptor|Receptor_FD:IFD|shifter:serial_shifter|IQ~9           ; out              ;
; |Modem|Modem_FD:IModem_FD|Receptor:IReceptor|Receptor_FD:IFD|shifter:serial_shifter|IQ~10          ; |Modem|Modem_FD:IModem_FD|Receptor:IReceptor|Receptor_FD:IFD|shifter:serial_shifter|IQ~10          ; out              ;
; |Modem|Modem_FD:IModem_FD|Receptor:IReceptor|Receptor_FD:IFD|shifter:serial_shifter|IQ~11          ; |Modem|Modem_FD:IModem_FD|Receptor:IReceptor|Receptor_FD:IFD|shifter:serial_shifter|IQ~11          ; out              ;
; |Modem|Modem_FD:IModem_FD|Receptor:IReceptor|Receptor_FD:IFD|shifter:serial_shifter|IQ~12          ; |Modem|Modem_FD:IModem_FD|Receptor:IReceptor|Receptor_FD:IFD|shifter:serial_shifter|IQ~12          ; out              ;
; |Modem|Modem_FD:IModem_FD|Receptor:IReceptor|Receptor_FD:IFD|shifter:serial_shifter|IQ~13          ; |Modem|Modem_FD:IModem_FD|Receptor:IReceptor|Receptor_FD:IFD|shifter:serial_shifter|IQ~13          ; out              ;
; |Modem|Modem_FD:IModem_FD|Receptor:IReceptor|Receptor_FD:IFD|shifter:serial_shifter|IQ~14          ; |Modem|Modem_FD:IModem_FD|Receptor:IReceptor|Receptor_FD:IFD|shifter:serial_shifter|IQ~14          ; out              ;
; |Modem|Modem_FD:IModem_FD|Receptor:IReceptor|Receptor_FD:IFD|shifter:serial_shifter|IQ~15          ; |Modem|Modem_FD:IModem_FD|Receptor:IReceptor|Receptor_FD:IFD|shifter:serial_shifter|IQ~15          ; out              ;
; |Modem|Modem_FD:IModem_FD|Receptor:IReceptor|Receptor_FD:IFD|shifter:serial_shifter|IQ~16          ; |Modem|Modem_FD:IModem_FD|Receptor:IReceptor|Receptor_FD:IFD|shifter:serial_shifter|IQ~16          ; out              ;
; |Modem|Modem_FD:IModem_FD|Receptor:IReceptor|Receptor_FD:IFD|shifter:serial_shifter|IQ~17          ; |Modem|Modem_FD:IModem_FD|Receptor:IReceptor|Receptor_FD:IFD|shifter:serial_shifter|IQ~17          ; out              ;
; |Modem|Modem_FD:IModem_FD|Receptor:IReceptor|Receptor_FD:IFD|shifter:serial_shifter|IQ~18          ; |Modem|Modem_FD:IModem_FD|Receptor:IReceptor|Receptor_FD:IFD|shifter:serial_shifter|IQ~18          ; out              ;
; |Modem|Modem_FD:IModem_FD|Receptor:IReceptor|Receptor_FD:IFD|shifter:serial_shifter|IQ~19          ; |Modem|Modem_FD:IModem_FD|Receptor:IReceptor|Receptor_FD:IFD|shifter:serial_shifter|IQ~19          ; out              ;
; |Modem|Modem_FD:IModem_FD|Receptor:IReceptor|Receptor_FD:IFD|shifter:serial_shifter|IQ[1]          ; |Modem|Modem_FD:IModem_FD|Receptor:IReceptor|Receptor_FD:IFD|shifter:serial_shifter|IQ[1]          ; regout           ;
; |Modem|Modem_FD:IModem_FD|Receptor:IReceptor|Receptor_FD:IFD|shifter:serial_shifter|IQ[2]          ; |Modem|Modem_FD:IModem_FD|Receptor:IReceptor|Receptor_FD:IFD|shifter:serial_shifter|IQ[2]          ; regout           ;
; |Modem|Modem_FD:IModem_FD|Receptor:IReceptor|Receptor_FD:IFD|shifter:serial_shifter|IQ[3]          ; |Modem|Modem_FD:IModem_FD|Receptor:IReceptor|Receptor_FD:IFD|shifter:serial_shifter|IQ[3]          ; regout           ;
; |Modem|Modem_FD:IModem_FD|Receptor:IReceptor|Receptor_FD:IFD|shifter:serial_shifter|IQ[4]          ; |Modem|Modem_FD:IModem_FD|Receptor:IReceptor|Receptor_FD:IFD|shifter:serial_shifter|IQ[4]          ; regout           ;
; |Modem|Modem_FD:IModem_FD|Receptor:IReceptor|Receptor_FD:IFD|shifter:serial_shifter|IQ[5]          ; |Modem|Modem_FD:IModem_FD|Receptor:IReceptor|Receptor_FD:IFD|shifter:serial_shifter|IQ[5]          ; regout           ;
; |Modem|Modem_FD:IModem_FD|Receptor:IReceptor|Receptor_FD:IFD|shifter:serial_shifter|IQ[6]          ; |Modem|Modem_FD:IModem_FD|Receptor:IReceptor|Receptor_FD:IFD|shifter:serial_shifter|IQ[6]          ; regout           ;
; |Modem|Modem_FD:IModem_FD|Receptor:IReceptor|Receptor_FD:IFD|shifter:serial_shifter|IQ[7]          ; |Modem|Modem_FD:IModem_FD|Receptor:IReceptor|Receptor_FD:IFD|shifter:serial_shifter|IQ[7]          ; regout           ;
; |Modem|Modem_FD:IModem_FD|Receptor:IReceptor|Receptor_FD:IFD|shifter:serial_shifter|IQ[8]          ; |Modem|Modem_FD:IModem_FD|Receptor:IReceptor|Receptor_FD:IFD|shifter:serial_shifter|IQ[8]          ; regout           ;
; |Modem|Modem_FD:IModem_FD|Receptor:IReceptor|Receptor_FD:IFD|shifter:serial_shifter|IQ[9]          ; |Modem|Modem_FD:IModem_FD|Receptor:IReceptor|Receptor_FD:IFD|shifter:serial_shifter|IQ[9]          ; regout           ;
; |Modem|Modem_FD:IModem_FD|Receptor:IReceptor|Receptor_FD:IFD|counter:rx_bit_counter|Svalue~0       ; |Modem|Modem_FD:IModem_FD|Receptor:IReceptor|Receptor_FD:IFD|counter:rx_bit_counter|Svalue~0       ; out              ;
; |Modem|Modem_FD:IModem_FD|Receptor:IReceptor|Receptor_FD:IFD|counter:rx_bit_counter|Svalue~1       ; |Modem|Modem_FD:IModem_FD|Receptor:IReceptor|Receptor_FD:IFD|counter:rx_bit_counter|Svalue~1       ; out              ;
; |Modem|Modem_FD:IModem_FD|Receptor:IReceptor|Receptor_FD:IFD|counter:rx_bit_counter|Svalue~2       ; |Modem|Modem_FD:IModem_FD|Receptor:IReceptor|Receptor_FD:IFD|counter:rx_bit_counter|Svalue~2       ; out              ;
; |Modem|Modem_FD:IModem_FD|Receptor:IReceptor|Receptor_FD:IFD|counter:rx_bit_counter|Svalue~3       ; |Modem|Modem_FD:IModem_FD|Receptor:IReceptor|Receptor_FD:IFD|counter:rx_bit_counter|Svalue~3       ; out              ;
; |Modem|Modem_FD:IModem_FD|Receptor:IReceptor|Receptor_FD:IFD|counter:rx_bit_counter|Svalue~4       ; |Modem|Modem_FD:IModem_FD|Receptor:IReceptor|Receptor_FD:IFD|counter:rx_bit_counter|Svalue~4       ; out              ;
; |Modem|Modem_FD:IModem_FD|Receptor:IReceptor|Receptor_FD:IFD|counter:rx_bit_counter|Svalue~5       ; |Modem|Modem_FD:IModem_FD|Receptor:IReceptor|Receptor_FD:IFD|counter:rx_bit_counter|Svalue~5       ; out              ;
; |Modem|Modem_FD:IModem_FD|Receptor:IReceptor|Receptor_FD:IFD|counter:rx_bit_counter|Svalue~6       ; |Modem|Modem_FD:IModem_FD|Receptor:IReceptor|Receptor_FD:IFD|counter:rx_bit_counter|Svalue~6       ; out              ;
; |Modem|Modem_FD:IModem_FD|Receptor:IReceptor|Receptor_FD:IFD|counter:rx_bit_counter|Svalue~7       ; |Modem|Modem_FD:IModem_FD|Receptor:IReceptor|Receptor_FD:IFD|counter:rx_bit_counter|Svalue~7       ; out              ;
; |Modem|Modem_FD:IModem_FD|Receptor:IReceptor|Receptor_FD:IFD|counter:rx_bit_counter|value[0]       ; |Modem|Modem_FD:IModem_FD|Receptor:IReceptor|Receptor_FD:IFD|counter:rx_bit_counter|value[0]       ; regout           ;
; |Modem|Modem_FD:IModem_FD|Receptor:IReceptor|Receptor_FD:IFD|counter:rx_bit_counter|value[1]       ; |Modem|Modem_FD:IModem_FD|Receptor:IReceptor|Receptor_FD:IFD|counter:rx_bit_counter|value[1]       ; regout           ;
; |Modem|Modem_FD:IModem_FD|Receptor:IReceptor|Receptor_FD:IFD|counter:rx_bit_counter|value[2]       ; |Modem|Modem_FD:IModem_FD|Receptor:IReceptor|Receptor_FD:IFD|counter:rx_bit_counter|value[2]       ; regout           ;
; |Modem|Modem_FD:IModem_FD|Receptor:IReceptor|Receptor_FD:IFD|counter:rx_bit_counter|value[3]       ; |Modem|Modem_FD:IModem_FD|Receptor:IReceptor|Receptor_FD:IFD|counter:rx_bit_counter|value[3]       ; regout           ;
; |Modem|Modem_FD:IModem_FD|Receptor:IReceptor|Receptor_FD:IFD|counter:rx_bit_counter|Svalue[0]      ; |Modem|Modem_FD:IModem_FD|Receptor:IReceptor|Receptor_FD:IFD|counter:rx_bit_counter|Svalue[0]      ; regout           ;
; |Modem|Modem_FD:IModem_FD|Receptor:IReceptor|Receptor_FD:IFD|counter:rx_bit_counter|Svalue[1]      ; |Modem|Modem_FD:IModem_FD|Receptor:IReceptor|Receptor_FD:IFD|counter:rx_bit_counter|Svalue[1]      ; regout           ;
; |Modem|Modem_FD:IModem_FD|Receptor:IReceptor|Receptor_FD:IFD|counter:rx_bit_counter|Svalue[2]      ; |Modem|Modem_FD:IModem_FD|Receptor:IReceptor|Receptor_FD:IFD|counter:rx_bit_counter|Svalue[2]      ; regout           ;
; |Modem|Modem_FD:IModem_FD|Receptor:IReceptor|Receptor_FD:IFD|counter:rx_bit_counter|Svalue[3]      ; |Modem|Modem_FD:IModem_FD|Receptor:IReceptor|Receptor_FD:IFD|counter:rx_bit_counter|Svalue[3]      ; regout           ;
; |Modem|Modem_FD:IModem_FD|Receptor:IReceptor|Receptor_FD:IFD|timer:clock_divider|pulse             ; |Modem|Modem_FD:IModem_FD|Receptor:IReceptor|Receptor_FD:IFD|timer:clock_divider|pulse             ; regout           ;
; |Modem|Modem_FD:IModem_FD|Receptor:IReceptor|Receptor_FD:IFD|timer:clock_divider|count~0           ; |Modem|Modem_FD:IModem_FD|Receptor:IReceptor|Receptor_FD:IFD|timer:clock_divider|count~0           ; out              ;
; |Modem|Modem_FD:IModem_FD|Receptor:IReceptor|Receptor_FD:IFD|timer:clock_divider|count~1           ; |Modem|Modem_FD:IModem_FD|Receptor:IReceptor|Receptor_FD:IFD|timer:clock_divider|count~1           ; out              ;
; |Modem|Modem_FD:IModem_FD|Receptor:IReceptor|Receptor_FD:IFD|timer:clock_divider|count~2           ; |Modem|Modem_FD:IModem_FD|Receptor:IReceptor|Receptor_FD:IFD|timer:clock_divider|count~2           ; out              ;
; |Modem|Modem_FD:IModem_FD|Receptor:IReceptor|Receptor_FD:IFD|timer:clock_divider|count~3           ; |Modem|Modem_FD:IModem_FD|Receptor:IReceptor|Receptor_FD:IFD|timer:clock_divider|count~3           ; out              ;
; |Modem|Modem_FD:IModem_FD|Receptor:IReceptor|Receptor_FD:IFD|timer:clock_divider|count~4           ; |Modem|Modem_FD:IModem_FD|Receptor:IReceptor|Receptor_FD:IFD|timer:clock_divider|count~4           ; out              ;
; |Modem|Modem_FD:IModem_FD|Receptor:IReceptor|Receptor_FD:IFD|timer:clock_divider|count~5           ; |Modem|Modem_FD:IModem_FD|Receptor:IReceptor|Receptor_FD:IFD|timer:clock_divider|count~5           ; out              ;
; |Modem|Modem_FD:IModem_FD|Receptor:IReceptor|Receptor_FD:IFD|timer:clock_divider|count~6           ; |Modem|Modem_FD:IModem_FD|Receptor:IReceptor|Receptor_FD:IFD|timer:clock_divider|count~6           ; out              ;
; |Modem|Modem_FD:IModem_FD|Receptor:IReceptor|Receptor_FD:IFD|timer:clock_divider|count~7           ; |Modem|Modem_FD:IModem_FD|Receptor:IReceptor|Receptor_FD:IFD|timer:clock_divider|count~7           ; out              ;
; |Modem|Modem_FD:IModem_FD|Receptor:IReceptor|Receptor_FD:IFD|timer:clock_divider|count~8           ; |Modem|Modem_FD:IModem_FD|Receptor:IReceptor|Receptor_FD:IFD|timer:clock_divider|count~8           ; out              ;
; |Modem|Modem_FD:IModem_FD|Receptor:IReceptor|Receptor_FD:IFD|timer:clock_divider|count~9           ; |Modem|Modem_FD:IModem_FD|Receptor:IReceptor|Receptor_FD:IFD|timer:clock_divider|count~9           ; out              ;
; |Modem|Modem_FD:IModem_FD|Receptor:IReceptor|Receptor_FD:IFD|timer:clock_divider|count~10          ; |Modem|Modem_FD:IModem_FD|Receptor:IReceptor|Receptor_FD:IFD|timer:clock_divider|count~10          ; out              ;
; |Modem|Modem_FD:IModem_FD|Receptor:IReceptor|Receptor_FD:IFD|timer:clock_divider|count~11          ; |Modem|Modem_FD:IModem_FD|Receptor:IReceptor|Receptor_FD:IFD|timer:clock_divider|count~11          ; out              ;
; |Modem|Modem_FD:IModem_FD|Receptor:IReceptor|Receptor_FD:IFD|timer:clock_divider|pulse~0           ; |Modem|Modem_FD:IModem_FD|Receptor:IReceptor|Receptor_FD:IFD|timer:clock_divider|pulse~0           ; out              ;
; |Modem|Modem_FD:IModem_FD|Receptor:IReceptor|Receptor_FD:IFD|timer:clock_divider|count[0]          ; |Modem|Modem_FD:IModem_FD|Receptor:IReceptor|Receptor_FD:IFD|timer:clock_divider|count[0]          ; regout           ;
; |Modem|Modem_FD:IModem_FD|Receptor:IReceptor|Receptor_FD:IFD|timer:clock_divider|count[1]          ; |Modem|Modem_FD:IModem_FD|Receptor:IReceptor|Receptor_FD:IFD|timer:clock_divider|count[1]          ; regout           ;
; |Modem|Modem_FD:IModem_FD|Receptor:IReceptor|Receptor_FD:IFD|timer:clock_divider|count[2]          ; |Modem|Modem_FD:IModem_FD|Receptor:IReceptor|Receptor_FD:IFD|timer:clock_divider|count[2]          ; regout           ;
; |Modem|Modem_FD:IModem_FD|Receptor:IReceptor|Receptor_FD:IFD|timer:clock_divider|count[3]          ; |Modem|Modem_FD:IModem_FD|Receptor:IReceptor|Receptor_FD:IFD|timer:clock_divider|count[3]          ; regout           ;
; |Modem|Modem_FD:IModem_FD|Receptor:IReceptor|Receptor_UC:IUC|Sreg                                  ; |Modem|Modem_FD:IModem_FD|Receptor:IReceptor|Receptor_UC:IUC|Sreg                                  ; regout           ;
; |Modem|Modem_FD:IModem_FD|Receptor:IReceptor|Receptor_UC:IUC|process_0~0                           ; |Modem|Modem_FD:IModem_FD|Receptor:IReceptor|Receptor_UC:IUC|process_0~0                           ; out0             ;
; |Modem|Modem_FD:IModem_FD|Receptor:IReceptor|Receptor_UC:IUC|Sreg~0                                ; |Modem|Modem_FD:IModem_FD|Receptor:IReceptor|Receptor_UC:IUC|Sreg~0                                ; out              ;
; |Modem|Modem_FD:IModem_FD|Receptor:IReceptor|Receptor_UC:IUC|start_receiving~0                     ; |Modem|Modem_FD:IModem_FD|Receptor:IReceptor|Receptor_UC:IUC|start_receiving~0                     ; out              ;
; |Modem|Modem_FD:IModem_FD|Receptor:IReceptor|Receptor_UC:IUC|start_receiving~1                     ; |Modem|Modem_FD:IModem_FD|Receptor:IReceptor|Receptor_UC:IUC|start_receiving~1                     ; out              ;
; |Modem|Modem_FD:IModem_FD|Receptor:IReceptor|Receptor_UC:IUC|Sreg~1                                ; |Modem|Modem_FD:IModem_FD|Receptor:IReceptor|Receptor_UC:IUC|Sreg~1                                ; out              ;
; |Modem|Modem_FD:IModem_FD|Receptor:IReceptor|Receptor_UC:IUC|Sreg~2                                ; |Modem|Modem_FD:IModem_FD|Receptor:IReceptor|Receptor_UC:IUC|Sreg~2                                ; out              ;
; |Modem|Modem_FD:IModem_FD|Receptor:IReceptor|Receptor_UC:IUC|start_receiving                       ; |Modem|Modem_FD:IModem_FD|Receptor:IReceptor|Receptor_UC:IUC|start_receiving                       ; regout           ;
; |Modem|Modem_UC:IModem_UC|Selector0~1                                                              ; |Modem|Modem_UC:IModem_UC|Selector0~1                                                              ; out0             ;
; |Modem|Modem_UC:IModem_UC|Selector4~2                                                              ; |Modem|Modem_UC:IModem_UC|Selector4~2                                                              ; out0             ;
; |Modem|Modem_FD:IModem_FD|Receptor:IReceptor|Receptor_FD:IFD|counter:rx_bit_counter|Add0~0         ; |Modem|Modem_FD:IModem_FD|Receptor:IReceptor|Receptor_FD:IFD|counter:rx_bit_counter|Add0~0         ; out0             ;
; |Modem|Modem_FD:IModem_FD|Receptor:IReceptor|Receptor_FD:IFD|counter:rx_bit_counter|Add0~1         ; |Modem|Modem_FD:IModem_FD|Receptor:IReceptor|Receptor_FD:IFD|counter:rx_bit_counter|Add0~1         ; out0             ;
; |Modem|Modem_FD:IModem_FD|Receptor:IReceptor|Receptor_FD:IFD|counter:rx_bit_counter|Add0~2         ; |Modem|Modem_FD:IModem_FD|Receptor:IReceptor|Receptor_FD:IFD|counter:rx_bit_counter|Add0~2         ; out0             ;
; |Modem|Modem_FD:IModem_FD|Receptor:IReceptor|Receptor_FD:IFD|counter:rx_bit_counter|Add0~3         ; |Modem|Modem_FD:IModem_FD|Receptor:IReceptor|Receptor_FD:IFD|counter:rx_bit_counter|Add0~3         ; out0             ;
; |Modem|Modem_FD:IModem_FD|Receptor:IReceptor|Receptor_FD:IFD|counter:rx_bit_counter|Add0~4         ; |Modem|Modem_FD:IModem_FD|Receptor:IReceptor|Receptor_FD:IFD|counter:rx_bit_counter|Add0~4         ; out0             ;
; |Modem|Modem_FD:IModem_FD|Receptor:IReceptor|Receptor_FD:IFD|timer:clock_divider|Add0~0            ; |Modem|Modem_FD:IModem_FD|Receptor:IReceptor|Receptor_FD:IFD|timer:clock_divider|Add0~0            ; out0             ;
; |Modem|Modem_FD:IModem_FD|Receptor:IReceptor|Receptor_FD:IFD|timer:clock_divider|Add0~1            ; |Modem|Modem_FD:IModem_FD|Receptor:IReceptor|Receptor_FD:IFD|timer:clock_divider|Add0~1            ; out0             ;
; |Modem|Modem_FD:IModem_FD|Receptor:IReceptor|Receptor_FD:IFD|timer:clock_divider|Add0~2            ; |Modem|Modem_FD:IModem_FD|Receptor:IReceptor|Receptor_FD:IFD|timer:clock_divider|Add0~2            ; out0             ;
; |Modem|Modem_FD:IModem_FD|Receptor:IReceptor|Receptor_FD:IFD|timer:clock_divider|Add0~3            ; |Modem|Modem_FD:IModem_FD|Receptor:IReceptor|Receptor_FD:IFD|timer:clock_divider|Add0~3            ; out0             ;
; |Modem|Modem_FD:IModem_FD|Receptor:IReceptor|Receptor_FD:IFD|timer:clock_divider|Add0~4            ; |Modem|Modem_FD:IModem_FD|Receptor:IReceptor|Receptor_FD:IFD|timer:clock_divider|Add0~4            ; out0             ;
; |Modem|Modem_FD:IModem_FD|Receptor:IReceptor|Receptor_FD:IFD|timer:clock_divider|Add0~5            ; |Modem|Modem_FD:IModem_FD|Receptor:IReceptor|Receptor_FD:IFD|timer:clock_divider|Add0~5            ; out0             ;
; |Modem|Modem_FD:IModem_FD|Receptor:IReceptor|Receptor_FD:IFD|timer:clock_divider|Add0~6            ; |Modem|Modem_FD:IModem_FD|Receptor:IReceptor|Receptor_FD:IFD|timer:clock_divider|Add0~6            ; out0             ;
; |Modem|Modem_FD:IModem_FD|Receptor:IReceptor|Receptor_FD:IFD|timer:clock_divider|Equal0~0          ; |Modem|Modem_FD:IModem_FD|Receptor:IReceptor|Receptor_FD:IFD|timer:clock_divider|Equal0~0          ; out0             ;
; |Modem|Modem_FD:IModem_FD|Receptor:IReceptor|Receptor_UC:IUC|Equal0~0                              ; |Modem|Modem_FD:IModem_FD|Receptor:IReceptor|Receptor_UC:IUC|Equal0~0                              ; out0             ;
+----------------------------------------------------------------------------------------------------+----------------------------------------------------------------------------------------------------+------------------+


The following table displays output ports that do not toggle to 0 during simulation.
+----------------------------------------------------------------------------------------------------------------------------------------------------------------------------------------------------------------------------+
; Missing 0-Value Coverage                                                                                                                                                                                                   ;
+----------------------------------------------------------------------------------------------------+----------------------------------------------------------------------------------------------------+------------------+
; Node Name                                                                                          ; Output Port Name                                                                                   ; Output Port Type ;
+----------------------------------------------------------------------------------------------------+----------------------------------------------------------------------------------------------------+------------------+
; |Modem|liga                                                                                        ; |Modem|liga                                                                                        ; out              ;
; |Modem|dado[0]                                                                                     ; |Modem|dado[0]                                                                                     ; out              ;
; |Modem|dado[1]                                                                                     ; |Modem|dado[1]                                                                                     ; out              ;
; |Modem|dado[2]                                                                                     ; |Modem|dado[2]                                                                                     ; out              ;
; |Modem|dado[3]                                                                                     ; |Modem|dado[3]                                                                                     ; out              ;
; |Modem|dado[4]                                                                                     ; |Modem|dado[4]                                                                                     ; out              ;
; |Modem|dado[5]                                                                                     ; |Modem|dado[5]                                                                                     ; out              ;
; |Modem|dado[6]                                                                                     ; |Modem|dado[6]                                                                                     ; out              ;
; |Modem|dado[7]                                                                                     ; |Modem|dado[7]                                                                                     ; out              ;
; |Modem|recebido                                                                                    ; |Modem|recebido                                                                                    ; pin_out          ;
; |Modem|dado_recebido[0]                                                                            ; |Modem|dado_recebido[0]                                                                            ; pin_out          ;
; |Modem|dado_recebido[1]                                                                            ; |Modem|dado_recebido[1]                                                                            ; pin_out          ;
; |Modem|dado_recebido[2]                                                                            ; |Modem|dado_recebido[2]                                                                            ; pin_out          ;
; |Modem|dado_recebido[3]                                                                            ; |Modem|dado_recebido[3]                                                                            ; pin_out          ;
; |Modem|dado_recebido[4]                                                                            ; |Modem|dado_recebido[4]                                                                            ; pin_out          ;
; |Modem|dado_recebido[5]                                                                            ; |Modem|dado_recebido[5]                                                                            ; pin_out          ;
; |Modem|dado_recebido[6]                                                                            ; |Modem|dado_recebido[6]                                                                            ; pin_out          ;
; |Modem|dado_recebido[7]                                                                            ; |Modem|dado_recebido[7]                                                                            ; pin_out          ;
; |Modem|nDTR                                                                                        ; |Modem|nDTR                                                                                        ; pin_out          ;
; |Modem|nCD                                                                                         ; |Modem|nCD                                                                                         ; out              ;
; |Modem|RD                                                                                          ; |Modem|RD                                                                                          ; out              ;
; |Modem|dbg_rx_bit_count[0]                                                                         ; |Modem|dbg_rx_bit_count[0]                                                                         ; pin_out          ;
; |Modem|dbg_rx_bit_count[1]                                                                         ; |Modem|dbg_rx_bit_count[1]                                                                         ; pin_out          ;
; |Modem|dbg_rx_bit_count[2]                                                                         ; |Modem|dbg_rx_bit_count[2]                                                                         ; pin_out          ;
; |Modem|dbg_rx_bit_count[3]                                                                         ; |Modem|dbg_rx_bit_count[3]                                                                         ; pin_out          ;
; |Modem|Modem_FD:IModem_FD|comb~0                                                                   ; |Modem|Modem_FD:IModem_FD|comb~0                                                                   ; out0             ;
; |Modem|Modem_FD:IModem_FD|Transmissor:ITransmissor|Transmissor_FD:IFD|ready                        ; |Modem|Modem_FD:IModem_FD|Transmissor:ITransmissor|Transmissor_FD:IFD|ready                        ; regout           ;
; |Modem|Modem_FD:IModem_FD|Transmissor:ITransmissor|Transmissor_FD:IFD|counter:Icounter|Svalue~0    ; |Modem|Modem_FD:IModem_FD|Transmissor:ITransmissor|Transmissor_FD:IFD|counter:Icounter|Svalue~0    ; out              ;
; |Modem|Modem_FD:IModem_FD|Transmissor:ITransmissor|Transmissor_FD:IFD|counter:Icounter|Svalue~4    ; |Modem|Modem_FD:IModem_FD|Transmissor:ITransmissor|Transmissor_FD:IFD|counter:Icounter|Svalue~4    ; out              ;
; |Modem|Modem_FD:IModem_FD|Transmissor:ITransmissor|Transmissor_FD:IFD|counter:Icounter|value[3]    ; |Modem|Modem_FD:IModem_FD|Transmissor:ITransmissor|Transmissor_FD:IFD|counter:Icounter|value[3]    ; regout           ;
; |Modem|Modem_FD:IModem_FD|Transmissor:ITransmissor|Transmissor_FD:IFD|counter:Icounter|Svalue[3]   ; |Modem|Modem_FD:IModem_FD|Transmissor:ITransmissor|Transmissor_FD:IFD|counter:Icounter|Svalue[3]   ; regout           ;
; |Modem|Modem_FD:IModem_FD|Transmissor:ITransmissor|Transmissor_FD:IFD|shifter:Ishifter|IQ~0        ; |Modem|Modem_FD:IModem_FD|Transmissor:ITransmissor|Transmissor_FD:IFD|shifter:Ishifter|IQ~0        ; out              ;
; |Modem|Modem_FD:IModem_FD|Transmissor:ITransmissor|Transmissor_FD:IFD|shifter:Ishifter|IQ~1        ; |Modem|Modem_FD:IModem_FD|Transmissor:ITransmissor|Transmissor_FD:IFD|shifter:Ishifter|IQ~1        ; out              ;
; |Modem|Modem_FD:IModem_FD|Transmissor:ITransmissor|Transmissor_FD:IFD|shifter:Ishifter|IQ~10       ; |Modem|Modem_FD:IModem_FD|Transmissor:ITransmissor|Transmissor_FD:IFD|shifter:Ishifter|IQ~10       ; out              ;
; |Modem|Modem_FD:IModem_FD|Transmissor:ITransmissor|Transmissor_FD:IFD|shifter:Ishifter|IQ~11       ; |Modem|Modem_FD:IModem_FD|Transmissor:ITransmissor|Transmissor_FD:IFD|shifter:Ishifter|IQ~11       ; out              ;
; |Modem|Modem_FD:IModem_FD|Transmissor:ITransmissor|Transmissor_FD:IFD|shifter:Ishifter|IQ[8]       ; |Modem|Modem_FD:IModem_FD|Transmissor:ITransmissor|Transmissor_FD:IFD|shifter:Ishifter|IQ[8]       ; regout           ;
; |Modem|Modem_FD:IModem_FD|Transmissor:ITransmissor|Transmissor_FD:IFD|shifter:Ishifter|IQ[9]       ; |Modem|Modem_FD:IModem_FD|Transmissor:ITransmissor|Transmissor_FD:IFD|shifter:Ishifter|IQ[9]       ; regout           ;
; |Modem|Modem_FD:IModem_FD|Transmissor:ITransmissor|Transmissor_FD:IFD|timer:clock_divider|count[3] ; |Modem|Modem_FD:IModem_FD|Transmissor:ITransmissor|Transmissor_FD:IFD|timer:clock_divider|count[3] ; regout           ;
; |Modem|Modem_FD:IModem_FD|Receptor:IReceptor|Receptor_FD:IFD|shifter:serial_shifter|IQ[0]          ; |Modem|Modem_FD:IModem_FD|Receptor:IReceptor|Receptor_FD:IFD|shifter:serial_shifter|IQ[0]          ; regout           ;
; |Modem|Modem_FD:IModem_FD|Receptor:IReceptor|Receptor_FD:IFD|shifter:serial_shifter|IQ~0           ; |Modem|Modem_FD:IModem_FD|Receptor:IReceptor|Receptor_FD:IFD|shifter:serial_shifter|IQ~0           ; out              ;
; |Modem|Modem_FD:IModem_FD|Receptor:IReceptor|Receptor_FD:IFD|shifter:serial_shifter|IQ~1           ; |Modem|Modem_FD:IModem_FD|Receptor:IReceptor|Receptor_FD:IFD|shifter:serial_shifter|IQ~1           ; out              ;
; |Modem|Modem_FD:IModem_FD|Receptor:IReceptor|Receptor_FD:IFD|shifter:serial_shifter|IQ~2           ; |Modem|Modem_FD:IModem_FD|Receptor:IReceptor|Receptor_FD:IFD|shifter:serial_shifter|IQ~2           ; out              ;
; |Modem|Modem_FD:IModem_FD|Receptor:IReceptor|Receptor_FD:IFD|shifter:serial_shifter|IQ~3           ; |Modem|Modem_FD:IModem_FD|Receptor:IReceptor|Receptor_FD:IFD|shifter:serial_shifter|IQ~3           ; out              ;
; |Modem|Modem_FD:IModem_FD|Receptor:IReceptor|Receptor_FD:IFD|shifter:serial_shifter|IQ~4           ; |Modem|Modem_FD:IModem_FD|Receptor:IReceptor|Receptor_FD:IFD|shifter:serial_shifter|IQ~4           ; out              ;
; |Modem|Modem_FD:IModem_FD|Receptor:IReceptor|Receptor_FD:IFD|shifter:serial_shifter|IQ~5           ; |Modem|Modem_FD:IModem_FD|Receptor:IReceptor|Receptor_FD:IFD|shifter:serial_shifter|IQ~5           ; out              ;
; |Modem|Modem_FD:IModem_FD|Receptor:IReceptor|Receptor_FD:IFD|shifter:serial_shifter|IQ~6           ; |Modem|Modem_FD:IModem_FD|Receptor:IReceptor|Receptor_FD:IFD|shifter:serial_shifter|IQ~6           ; out              ;
; |Modem|Modem_FD:IModem_FD|Receptor:IReceptor|Receptor_FD:IFD|shifter:serial_shifter|IQ~7           ; |Modem|Modem_FD:IModem_FD|Receptor:IReceptor|Receptor_FD:IFD|shifter:serial_shifter|IQ~7           ; out              ;
; |Modem|Modem_FD:IModem_FD|Receptor:IReceptor|Receptor_FD:IFD|shifter:serial_shifter|IQ~8           ; |Modem|Modem_FD:IModem_FD|Receptor:IReceptor|Receptor_FD:IFD|shifter:serial_shifter|IQ~8           ; out              ;
; |Modem|Modem_FD:IModem_FD|Receptor:IReceptor|Receptor_FD:IFD|shifter:serial_shifter|IQ~9           ; |Modem|Modem_FD:IModem_FD|Receptor:IReceptor|Receptor_FD:IFD|shifter:serial_shifter|IQ~9           ; out              ;
; |Modem|Modem_FD:IModem_FD|Receptor:IReceptor|Receptor_FD:IFD|shifter:serial_shifter|IQ~10          ; |Modem|Modem_FD:IModem_FD|Receptor:IReceptor|Receptor_FD:IFD|shifter:serial_shifter|IQ~10          ; out              ;
; |Modem|Modem_FD:IModem_FD|Receptor:IReceptor|Receptor_FD:IFD|shifter:serial_shifter|IQ~11          ; |Modem|Modem_FD:IModem_FD|Receptor:IReceptor|Receptor_FD:IFD|shifter:serial_shifter|IQ~11          ; out              ;
; |Modem|Modem_FD:IModem_FD|Receptor:IReceptor|Receptor_FD:IFD|shifter:serial_shifter|IQ~12          ; |Modem|Modem_FD:IModem_FD|Receptor:IReceptor|Receptor_FD:IFD|shifter:serial_shifter|IQ~12          ; out              ;
; |Modem|Modem_FD:IModem_FD|Receptor:IReceptor|Receptor_FD:IFD|shifter:serial_shifter|IQ~13          ; |Modem|Modem_FD:IModem_FD|Receptor:IReceptor|Receptor_FD:IFD|shifter:serial_shifter|IQ~13          ; out              ;
; |Modem|Modem_FD:IModem_FD|Receptor:IReceptor|Receptor_FD:IFD|shifter:serial_shifter|IQ~14          ; |Modem|Modem_FD:IModem_FD|Receptor:IReceptor|Receptor_FD:IFD|shifter:serial_shifter|IQ~14          ; out              ;
; |Modem|Modem_FD:IModem_FD|Receptor:IReceptor|Receptor_FD:IFD|shifter:serial_shifter|IQ~15          ; |Modem|Modem_FD:IModem_FD|Receptor:IReceptor|Receptor_FD:IFD|shifter:serial_shifter|IQ~15          ; out              ;
; |Modem|Modem_FD:IModem_FD|Receptor:IReceptor|Receptor_FD:IFD|shifter:serial_shifter|IQ~16          ; |Modem|Modem_FD:IModem_FD|Receptor:IReceptor|Receptor_FD:IFD|shifter:serial_shifter|IQ~16          ; out              ;
; |Modem|Modem_FD:IModem_FD|Receptor:IReceptor|Receptor_FD:IFD|shifter:serial_shifter|IQ~17          ; |Modem|Modem_FD:IModem_FD|Receptor:IReceptor|Receptor_FD:IFD|shifter:serial_shifter|IQ~17          ; out              ;
; |Modem|Modem_FD:IModem_FD|Receptor:IReceptor|Receptor_FD:IFD|shifter:serial_shifter|IQ~18          ; |Modem|Modem_FD:IModem_FD|Receptor:IReceptor|Receptor_FD:IFD|shifter:serial_shifter|IQ~18          ; out              ;
; |Modem|Modem_FD:IModem_FD|Receptor:IReceptor|Receptor_FD:IFD|shifter:serial_shifter|IQ~19          ; |Modem|Modem_FD:IModem_FD|Receptor:IReceptor|Receptor_FD:IFD|shifter:serial_shifter|IQ~19          ; out              ;
; |Modem|Modem_FD:IModem_FD|Receptor:IReceptor|Receptor_FD:IFD|shifter:serial_shifter|IQ[1]          ; |Modem|Modem_FD:IModem_FD|Receptor:IReceptor|Receptor_FD:IFD|shifter:serial_shifter|IQ[1]          ; regout           ;
; |Modem|Modem_FD:IModem_FD|Receptor:IReceptor|Receptor_FD:IFD|shifter:serial_shifter|IQ[2]          ; |Modem|Modem_FD:IModem_FD|Receptor:IReceptor|Receptor_FD:IFD|shifter:serial_shifter|IQ[2]          ; regout           ;
; |Modem|Modem_FD:IModem_FD|Receptor:IReceptor|Receptor_FD:IFD|shifter:serial_shifter|IQ[3]          ; |Modem|Modem_FD:IModem_FD|Receptor:IReceptor|Receptor_FD:IFD|shifter:serial_shifter|IQ[3]          ; regout           ;
; |Modem|Modem_FD:IModem_FD|Receptor:IReceptor|Receptor_FD:IFD|shifter:serial_shifter|IQ[4]          ; |Modem|Modem_FD:IModem_FD|Receptor:IReceptor|Receptor_FD:IFD|shifter:serial_shifter|IQ[4]          ; regout           ;
; |Modem|Modem_FD:IModem_FD|Receptor:IReceptor|Receptor_FD:IFD|shifter:serial_shifter|IQ[5]          ; |Modem|Modem_FD:IModem_FD|Receptor:IReceptor|Receptor_FD:IFD|shifter:serial_shifter|IQ[5]          ; regout           ;
; |Modem|Modem_FD:IModem_FD|Receptor:IReceptor|Receptor_FD:IFD|shifter:serial_shifter|IQ[6]          ; |Modem|Modem_FD:IModem_FD|Receptor:IReceptor|Receptor_FD:IFD|shifter:serial_shifter|IQ[6]          ; regout           ;
; |Modem|Modem_FD:IModem_FD|Receptor:IReceptor|Receptor_FD:IFD|shifter:serial_shifter|IQ[7]          ; |Modem|Modem_FD:IModem_FD|Receptor:IReceptor|Receptor_FD:IFD|shifter:serial_shifter|IQ[7]          ; regout           ;
; |Modem|Modem_FD:IModem_FD|Receptor:IReceptor|Receptor_FD:IFD|shifter:serial_shifter|IQ[8]          ; |Modem|Modem_FD:IModem_FD|Receptor:IReceptor|Receptor_FD:IFD|shifter:serial_shifter|IQ[8]          ; regout           ;
; |Modem|Modem_FD:IModem_FD|Receptor:IReceptor|Receptor_FD:IFD|shifter:serial_shifter|IQ[9]          ; |Modem|Modem_FD:IModem_FD|Receptor:IReceptor|Receptor_FD:IFD|shifter:serial_shifter|IQ[9]          ; regout           ;
; |Modem|Modem_FD:IModem_FD|Receptor:IReceptor|Receptor_FD:IFD|counter:rx_bit_counter|Svalue~0       ; |Modem|Modem_FD:IModem_FD|Receptor:IReceptor|Receptor_FD:IFD|counter:rx_bit_counter|Svalue~0       ; out              ;
; |Modem|Modem_FD:IModem_FD|Receptor:IReceptor|Receptor_FD:IFD|counter:rx_bit_counter|Svalue~1       ; |Modem|Modem_FD:IModem_FD|Receptor:IReceptor|Receptor_FD:IFD|counter:rx_bit_counter|Svalue~1       ; out              ;
; |Modem|Modem_FD:IModem_FD|Receptor:IReceptor|Receptor_FD:IFD|counter:rx_bit_counter|Svalue~2       ; |Modem|Modem_FD:IModem_FD|Receptor:IReceptor|Receptor_FD:IFD|counter:rx_bit_counter|Svalue~2       ; out              ;
; |Modem|Modem_FD:IModem_FD|Receptor:IReceptor|Receptor_FD:IFD|counter:rx_bit_counter|Svalue~3       ; |Modem|Modem_FD:IModem_FD|Receptor:IReceptor|Receptor_FD:IFD|counter:rx_bit_counter|Svalue~3       ; out              ;
; |Modem|Modem_FD:IModem_FD|Receptor:IReceptor|Receptor_FD:IFD|counter:rx_bit_counter|Svalue~4       ; |Modem|Modem_FD:IModem_FD|Receptor:IReceptor|Receptor_FD:IFD|counter:rx_bit_counter|Svalue~4       ; out              ;
; |Modem|Modem_FD:IModem_FD|Receptor:IReceptor|Receptor_FD:IFD|counter:rx_bit_counter|Svalue~5       ; |Modem|Modem_FD:IModem_FD|Receptor:IReceptor|Receptor_FD:IFD|counter:rx_bit_counter|Svalue~5       ; out              ;
; |Modem|Modem_FD:IModem_FD|Receptor:IReceptor|Receptor_FD:IFD|counter:rx_bit_counter|Svalue~6       ; |Modem|Modem_FD:IModem_FD|Receptor:IReceptor|Receptor_FD:IFD|counter:rx_bit_counter|Svalue~6       ; out              ;
; |Modem|Modem_FD:IModem_FD|Receptor:IReceptor|Receptor_FD:IFD|counter:rx_bit_counter|Svalue~7       ; |Modem|Modem_FD:IModem_FD|Receptor:IReceptor|Receptor_FD:IFD|counter:rx_bit_counter|Svalue~7       ; out              ;
; |Modem|Modem_FD:IModem_FD|Receptor:IReceptor|Receptor_FD:IFD|counter:rx_bit_counter|value[0]       ; |Modem|Modem_FD:IModem_FD|Receptor:IReceptor|Receptor_FD:IFD|counter:rx_bit_counter|value[0]       ; regout           ;
; |Modem|Modem_FD:IModem_FD|Receptor:IReceptor|Receptor_FD:IFD|counter:rx_bit_counter|value[1]       ; |Modem|Modem_FD:IModem_FD|Receptor:IReceptor|Receptor_FD:IFD|counter:rx_bit_counter|value[1]       ; regout           ;
; |Modem|Modem_FD:IModem_FD|Receptor:IReceptor|Receptor_FD:IFD|counter:rx_bit_counter|value[2]       ; |Modem|Modem_FD:IModem_FD|Receptor:IReceptor|Receptor_FD:IFD|counter:rx_bit_counter|value[2]       ; regout           ;
; |Modem|Modem_FD:IModem_FD|Receptor:IReceptor|Receptor_FD:IFD|counter:rx_bit_counter|value[3]       ; |Modem|Modem_FD:IModem_FD|Receptor:IReceptor|Receptor_FD:IFD|counter:rx_bit_counter|value[3]       ; regout           ;
; |Modem|Modem_FD:IModem_FD|Receptor:IReceptor|Receptor_FD:IFD|counter:rx_bit_counter|Svalue[0]      ; |Modem|Modem_FD:IModem_FD|Receptor:IReceptor|Receptor_FD:IFD|counter:rx_bit_counter|Svalue[0]      ; regout           ;
; |Modem|Modem_FD:IModem_FD|Receptor:IReceptor|Receptor_FD:IFD|counter:rx_bit_counter|Svalue[1]      ; |Modem|Modem_FD:IModem_FD|Receptor:IReceptor|Receptor_FD:IFD|counter:rx_bit_counter|Svalue[1]      ; regout           ;
; |Modem|Modem_FD:IModem_FD|Receptor:IReceptor|Receptor_FD:IFD|counter:rx_bit_counter|Svalue[2]      ; |Modem|Modem_FD:IModem_FD|Receptor:IReceptor|Receptor_FD:IFD|counter:rx_bit_counter|Svalue[2]      ; regout           ;
; |Modem|Modem_FD:IModem_FD|Receptor:IReceptor|Receptor_FD:IFD|counter:rx_bit_counter|Svalue[3]      ; |Modem|Modem_FD:IModem_FD|Receptor:IReceptor|Receptor_FD:IFD|counter:rx_bit_counter|Svalue[3]      ; regout           ;
; |Modem|Modem_FD:IModem_FD|Receptor:IReceptor|Receptor_FD:IFD|timer:clock_divider|pulse             ; |Modem|Modem_FD:IModem_FD|Receptor:IReceptor|Receptor_FD:IFD|timer:clock_divider|pulse             ; regout           ;
; |Modem|Modem_FD:IModem_FD|Receptor:IReceptor|Receptor_FD:IFD|timer:clock_divider|count~0           ; |Modem|Modem_FD:IModem_FD|Receptor:IReceptor|Receptor_FD:IFD|timer:clock_divider|count~0           ; out              ;
; |Modem|Modem_FD:IModem_FD|Receptor:IReceptor|Receptor_FD:IFD|timer:clock_divider|count~1           ; |Modem|Modem_FD:IModem_FD|Receptor:IReceptor|Receptor_FD:IFD|timer:clock_divider|count~1           ; out              ;
; |Modem|Modem_FD:IModem_FD|Receptor:IReceptor|Receptor_FD:IFD|timer:clock_divider|count~2           ; |Modem|Modem_FD:IModem_FD|Receptor:IReceptor|Receptor_FD:IFD|timer:clock_divider|count~2           ; out              ;
; |Modem|Modem_FD:IModem_FD|Receptor:IReceptor|Receptor_FD:IFD|timer:clock_divider|count~3           ; |Modem|Modem_FD:IModem_FD|Receptor:IReceptor|Receptor_FD:IFD|timer:clock_divider|count~3           ; out              ;
; |Modem|Modem_FD:IModem_FD|Receptor:IReceptor|Receptor_FD:IFD|timer:clock_divider|count~4           ; |Modem|Modem_FD:IModem_FD|Receptor:IReceptor|Receptor_FD:IFD|timer:clock_divider|count~4           ; out              ;
; |Modem|Modem_FD:IModem_FD|Receptor:IReceptor|Receptor_FD:IFD|timer:clock_divider|count~5           ; |Modem|Modem_FD:IModem_FD|Receptor:IReceptor|Receptor_FD:IFD|timer:clock_divider|count~5           ; out              ;
; |Modem|Modem_FD:IModem_FD|Receptor:IReceptor|Receptor_FD:IFD|timer:clock_divider|count~6           ; |Modem|Modem_FD:IModem_FD|Receptor:IReceptor|Receptor_FD:IFD|timer:clock_divider|count~6           ; out              ;
; |Modem|Modem_FD:IModem_FD|Receptor:IReceptor|Receptor_FD:IFD|timer:clock_divider|count~7           ; |Modem|Modem_FD:IModem_FD|Receptor:IReceptor|Receptor_FD:IFD|timer:clock_divider|count~7           ; out              ;
; |Modem|Modem_FD:IModem_FD|Receptor:IReceptor|Receptor_FD:IFD|timer:clock_divider|count~8           ; |Modem|Modem_FD:IModem_FD|Receptor:IReceptor|Receptor_FD:IFD|timer:clock_divider|count~8           ; out              ;
; |Modem|Modem_FD:IModem_FD|Receptor:IReceptor|Receptor_FD:IFD|timer:clock_divider|count~9           ; |Modem|Modem_FD:IModem_FD|Receptor:IReceptor|Receptor_FD:IFD|timer:clock_divider|count~9           ; out              ;
; |Modem|Modem_FD:IModem_FD|Receptor:IReceptor|Receptor_FD:IFD|timer:clock_divider|count~10          ; |Modem|Modem_FD:IModem_FD|Receptor:IReceptor|Receptor_FD:IFD|timer:clock_divider|count~10          ; out              ;
; |Modem|Modem_FD:IModem_FD|Receptor:IReceptor|Receptor_FD:IFD|timer:clock_divider|count~11          ; |Modem|Modem_FD:IModem_FD|Receptor:IReceptor|Receptor_FD:IFD|timer:clock_divider|count~11          ; out              ;
; |Modem|Modem_FD:IModem_FD|Receptor:IReceptor|Receptor_FD:IFD|timer:clock_divider|pulse~0           ; |Modem|Modem_FD:IModem_FD|Receptor:IReceptor|Receptor_FD:IFD|timer:clock_divider|pulse~0           ; out              ;
; |Modem|Modem_FD:IModem_FD|Receptor:IReceptor|Receptor_FD:IFD|timer:clock_divider|count[0]          ; |Modem|Modem_FD:IModem_FD|Receptor:IReceptor|Receptor_FD:IFD|timer:clock_divider|count[0]          ; regout           ;
; |Modem|Modem_FD:IModem_FD|Receptor:IReceptor|Receptor_FD:IFD|timer:clock_divider|count[1]          ; |Modem|Modem_FD:IModem_FD|Receptor:IReceptor|Receptor_FD:IFD|timer:clock_divider|count[1]          ; regout           ;
; |Modem|Modem_FD:IModem_FD|Receptor:IReceptor|Receptor_FD:IFD|timer:clock_divider|count[2]          ; |Modem|Modem_FD:IModem_FD|Receptor:IReceptor|Receptor_FD:IFD|timer:clock_divider|count[2]          ; regout           ;
; |Modem|Modem_FD:IModem_FD|Receptor:IReceptor|Receptor_FD:IFD|timer:clock_divider|count[3]          ; |Modem|Modem_FD:IModem_FD|Receptor:IReceptor|Receptor_FD:IFD|timer:clock_divider|count[3]          ; regout           ;
; |Modem|Modem_FD:IModem_FD|Receptor:IReceptor|Receptor_UC:IUC|Sreg                                  ; |Modem|Modem_FD:IModem_FD|Receptor:IReceptor|Receptor_UC:IUC|Sreg                                  ; regout           ;
; |Modem|Modem_FD:IModem_FD|Receptor:IReceptor|Receptor_UC:IUC|process_0~0                           ; |Modem|Modem_FD:IModem_FD|Receptor:IReceptor|Receptor_UC:IUC|process_0~0                           ; out0             ;
; |Modem|Modem_FD:IModem_FD|Receptor:IReceptor|Receptor_UC:IUC|Sreg~0                                ; |Modem|Modem_FD:IModem_FD|Receptor:IReceptor|Receptor_UC:IUC|Sreg~0                                ; out              ;
; |Modem|Modem_FD:IModem_FD|Receptor:IReceptor|Receptor_UC:IUC|start_receiving~0                     ; |Modem|Modem_FD:IModem_FD|Receptor:IReceptor|Receptor_UC:IUC|start_receiving~0                     ; out              ;
; |Modem|Modem_FD:IModem_FD|Receptor:IReceptor|Receptor_UC:IUC|start_receiving~1                     ; |Modem|Modem_FD:IModem_FD|Receptor:IReceptor|Receptor_UC:IUC|start_receiving~1                     ; out              ;
; |Modem|Modem_FD:IModem_FD|Receptor:IReceptor|Receptor_UC:IUC|Sreg~1                                ; |Modem|Modem_FD:IModem_FD|Receptor:IReceptor|Receptor_UC:IUC|Sreg~1                                ; out              ;
; |Modem|Modem_FD:IModem_FD|Receptor:IReceptor|Receptor_UC:IUC|Sreg~2                                ; |Modem|Modem_FD:IModem_FD|Receptor:IReceptor|Receptor_UC:IUC|Sreg~2                                ; out              ;
; |Modem|Modem_FD:IModem_FD|Receptor:IReceptor|Receptor_UC:IUC|start_receiving                       ; |Modem|Modem_FD:IModem_FD|Receptor:IReceptor|Receptor_UC:IUC|start_receiving                       ; regout           ;
; |Modem|Modem_UC:IModem_UC|Selector0~1                                                              ; |Modem|Modem_UC:IModem_UC|Selector0~1                                                              ; out0             ;
; |Modem|Modem_UC:IModem_UC|Selector4~2                                                              ; |Modem|Modem_UC:IModem_UC|Selector4~2                                                              ; out0             ;
; |Modem|Modem_FD:IModem_FD|Transmissor:ITransmissor|Transmissor_FD:IFD|counter:Icounter|Add0~4      ; |Modem|Modem_FD:IModem_FD|Transmissor:ITransmissor|Transmissor_FD:IFD|counter:Icounter|Add0~4      ; out0             ;
; |Modem|Modem_FD:IModem_FD|Receptor:IReceptor|Receptor_FD:IFD|counter:rx_bit_counter|Add0~0         ; |Modem|Modem_FD:IModem_FD|Receptor:IReceptor|Receptor_FD:IFD|counter:rx_bit_counter|Add0~0         ; out0             ;
; |Modem|Modem_FD:IModem_FD|Receptor:IReceptor|Receptor_FD:IFD|counter:rx_bit_counter|Add0~1         ; |Modem|Modem_FD:IModem_FD|Receptor:IReceptor|Receptor_FD:IFD|counter:rx_bit_counter|Add0~1         ; out0             ;
; |Modem|Modem_FD:IModem_FD|Receptor:IReceptor|Receptor_FD:IFD|counter:rx_bit_counter|Add0~2         ; |Modem|Modem_FD:IModem_FD|Receptor:IReceptor|Receptor_FD:IFD|counter:rx_bit_counter|Add0~2         ; out0             ;
; |Modem|Modem_FD:IModem_FD|Receptor:IReceptor|Receptor_FD:IFD|counter:rx_bit_counter|Add0~3         ; |Modem|Modem_FD:IModem_FD|Receptor:IReceptor|Receptor_FD:IFD|counter:rx_bit_counter|Add0~3         ; out0             ;
; |Modem|Modem_FD:IModem_FD|Receptor:IReceptor|Receptor_FD:IFD|counter:rx_bit_counter|Add0~4         ; |Modem|Modem_FD:IModem_FD|Receptor:IReceptor|Receptor_FD:IFD|counter:rx_bit_counter|Add0~4         ; out0             ;
; |Modem|Modem_FD:IModem_FD|Receptor:IReceptor|Receptor_FD:IFD|timer:clock_divider|Add0~0            ; |Modem|Modem_FD:IModem_FD|Receptor:IReceptor|Receptor_FD:IFD|timer:clock_divider|Add0~0            ; out0             ;
; |Modem|Modem_FD:IModem_FD|Receptor:IReceptor|Receptor_FD:IFD|timer:clock_divider|Add0~1            ; |Modem|Modem_FD:IModem_FD|Receptor:IReceptor|Receptor_FD:IFD|timer:clock_divider|Add0~1            ; out0             ;
; |Modem|Modem_FD:IModem_FD|Receptor:IReceptor|Receptor_FD:IFD|timer:clock_divider|Add0~2            ; |Modem|Modem_FD:IModem_FD|Receptor:IReceptor|Receptor_FD:IFD|timer:clock_divider|Add0~2            ; out0             ;
; |Modem|Modem_FD:IModem_FD|Receptor:IReceptor|Receptor_FD:IFD|timer:clock_divider|Add0~3            ; |Modem|Modem_FD:IModem_FD|Receptor:IReceptor|Receptor_FD:IFD|timer:clock_divider|Add0~3            ; out0             ;
; |Modem|Modem_FD:IModem_FD|Receptor:IReceptor|Receptor_FD:IFD|timer:clock_divider|Add0~4            ; |Modem|Modem_FD:IModem_FD|Receptor:IReceptor|Receptor_FD:IFD|timer:clock_divider|Add0~4            ; out0             ;
; |Modem|Modem_FD:IModem_FD|Receptor:IReceptor|Receptor_FD:IFD|timer:clock_divider|Add0~5            ; |Modem|Modem_FD:IModem_FD|Receptor:IReceptor|Receptor_FD:IFD|timer:clock_divider|Add0~5            ; out0             ;
; |Modem|Modem_FD:IModem_FD|Receptor:IReceptor|Receptor_FD:IFD|timer:clock_divider|Add0~6            ; |Modem|Modem_FD:IModem_FD|Receptor:IReceptor|Receptor_FD:IFD|timer:clock_divider|Add0~6            ; out0             ;
; |Modem|Modem_FD:IModem_FD|Transmissor:ITransmissor|Transmissor_FD:IFD|Equal0~0                     ; |Modem|Modem_FD:IModem_FD|Transmissor:ITransmissor|Transmissor_FD:IFD|Equal0~0                     ; out0             ;
; |Modem|Modem_FD:IModem_FD|Receptor:IReceptor|Receptor_FD:IFD|timer:clock_divider|Equal0~0          ; |Modem|Modem_FD:IModem_FD|Receptor:IReceptor|Receptor_FD:IFD|timer:clock_divider|Equal0~0          ; out0             ;
; |Modem|Modem_FD:IModem_FD|Receptor:IReceptor|Receptor_UC:IUC|Equal0~0                              ; |Modem|Modem_FD:IModem_FD|Receptor:IReceptor|Receptor_UC:IUC|Equal0~0                              ; out0             ;
+----------------------------------------------------------------------------------------------------+----------------------------------------------------------------------------------------------------+------------------+


+---------------------+
; Simulator INI Usage ;
+--------+------------+
; Option ; Usage      ;
+--------+------------+


+--------------------+
; Simulator Messages ;
+--------------------+
Info: *******************************************************************
Info: Running Quartus II Simulator
    Info: Version 9.1 Build 350 03/24/2010 Service Pack 2 SJ Web Edition
    Info: Processing started: Sat Oct 01 15:52:59 2016
Info: Command: quartus_sim --read_settings_files=on --write_settings_files=off Modem -c Modem
Info: Using vector source file "C:/Users/GTA/Documents/Modem/Transmissao.vwf"
Info: Overwriting simulation input file with simulation results
    Info: A backup of Transmissao.vwf called Modem.sim_ori.vwf has been created in the db folder
Info: Option to preserve fewer signal transitions to reduce memory requirements is enabled
    Info: Simulation has been partitioned into sub-simulations according to the maximum transition count determined by the engine. Transitions from memory will be flushed out to disk at the end of each sub-simulation to reduce memory requirements.
Info: Simulation partitioned into 1 sub-simulations
Info: Simulation coverage is      43.11 %
Info: Number of transitions in simulation is 2122
Info: Vector file Transmissao.vwf is saved in VWF text format. You can compress it into CVWF format in order to reduce file size. For more details please refer to the Quartus II Help.
Info: Quartus II Simulator was successful. 0 errors, 0 warnings
    Info: Peak virtual memory: 160 megabytes
    Info: Processing ended: Sat Oct 01 15:53:00 2016
    Info: Elapsed time: 00:00:01
    Info: Total CPU time (on all processors): 00:00:00


